// Jest Snapshot v1, https://goo.gl/fbAQLP

exports[`Should render the reserver page should render correctly 1`] = `
<div>
  Loading...
</div>
`;
