// Jest Snapshot v1, https://goo.gl/fbAQLP

exports[`Should render the Navbar page should render correctly 1`] = `
Array [
  <div
    className="mobile"
  >
    <button
      className="ham-menu"
      onClick={[Function]}
      type="button"
    >
      <svg
        fill="black"
        height="40"
        viewBox="0 0 100 80"
        width="40"
      >
        <rect
          height="10"
          width="100"
        />
        <rect
          height="10"
          width="100"
          y="30"
        />
        <rect
          height="10"
          width="100"
          y="60"
        />
      </svg>
    </button>
  </div>,
  <ul
    className="nav open"
  >
    <li
      className="logo"
    >
      <h1>
        SummerWave
      </h1>
    </li>
    <span
      className="links"
    >
      <li
        className="active"
      >
        <a
          className="link"
          href="/"
          onClick={[Function]}
        >
          Room
        </a>
      </li>
      <li
        className="false"
      >
        <a
          className="link"
          href="/reserve"
          onClick={[Function]}
        >
          Reserve
        </a>
      </li>
      <li
        className="false"
      >
        <a
          className="link"
          href="/my_reservations"
          onClick={[Function]}
        >
          My Reservations
        </a>
      </li>
      <li
        className="false"
      >
        <a
          className="link"
          href="/add_room"
          onClick={[Function]}
        >
          Add Room
        </a>
      </li>
      <li
        className="false"
      >
        <a
          className="link"
          href="/delete_room"
          onClick={[Function]}
        >
          Delete Room
        </a>
      </li>
      <li>
        <a
          className="link"
          href="/login"
          onClick={[Function]}
        >
          Log Out
        </a>
      </li>
    </span>
    <li>
      <ul
        className="social"
      >
        <li>
          <a
            href="/"
            onClick={[Function]}
          >
            <img
              alt="x"
              className="social-logo"
              src="/images/x.webp"
            />
          </a>
        </li>
        <li>
          <a
            href="/"
            onClick={[Function]}
          >
            <img
              alt="facebook"
              className="social-logo"
              src="/images/facebook.webp"
            />
          </a>
        </li>
        <li>
          <a
            href="/"
            onClick={[Function]}
          >
            <img
              alt="instagram"
              className="social-logo"
              src="/images/instagram.webp"
            />
          </a>
        </li>
        <li>
          <a
            href="/"
            onClick={[Function]}
          >
            <img
              alt="pintrest"
              className="social-logo"
              src="/images/pintrest.png"
            />
          </a>
        </li>
      </ul>
    </li>
    <li
      className="copyright"
    >
      <p>
        Â© Microverse 2023
      </p>
    </li>
  </ul>,
]
`;
